
> prebuild
> node scripts/restore-assets.mjs --check

Missing required assets:
package-lock.json
public/Noor_CV.pdf
public/images/profile_pic.jpg
public/images/profile_pic.png
public/images/profile_pic_old.png
public/images/explain_BERT/tweet2.png
public/images/explain_BERT/tweet3.png
public/images/explain_BERT/tweet8.png
public/images/explain_BERT/tweet9.png
public/images/explain_BERT/tweets-class-distribution.png
public/images/favicon_io_home/android-chrome-192x192.png
public/images/favicon_io_home/android-chrome-512x512.png
public/images/favicon_io_home/apple-touch-icon.png
public/images/favicon_io_home/favicon-16x16.png
public/images/favicon_io_home/favicon-32x32.png
public/images/favicon_io_home/favicon.ico
Run npm run setup, or copy the original files from your repository. No build has run.
